################################################################################
#                                                                              #
#      IAR Universal Linker V5.3.2.26                                          #
#                                                                              #
#           Link time     =  11/Jan/2017  17:29:31                             #
#           Target CPU    =  MSP430                                            #
#           List file     =  C:\Users\Francis\Desktop\NEW\prj\Debug\List\ZD_12 #
#                            _16.map                                           #
#           Output file 1 =  C:\Users\Francis\Desktop\NEW\prj\Debug\Exe\ZD_12_ #
#                            16.d43                                            #
#                            Format: debug                                     #
#                            UBROF version 10.0.6                              #
#                            Using library modules for C-SPY (-rt)             #
#           Command line  =  C:\Users\Francis\Desktop\NEW\prj\Debug\Obj\adc.r4 #
#                            3                                                 #
#                            C:\Users\Francis\Desktop\NEW\prj\Debug\Obj\am2320 #
#                            .r43                                              #
#                            C:\Users\Francis\Desktop\NEW\prj\Debug\Obj\flash. #
#                            r43                                               #
#                            C:\Users\Francis\Desktop\NEW\prj\Debug\Obj\main.r #
#                            43                                                #
#                            C:\Users\Francis\Desktop\NEW\prj\Debug\Obj\time.r #
#                            43                                                #
#                            C:\Users\Francis\Desktop\NEW\prj\Debug\Obj\uart.r #
#                            43                                                #
#                            -o                                                #
#                            C:\Users\Francis\Desktop\NEW\prj\Debug\Exe\ZD_12_ #
#                            16.d43                                            #
#                            -l                                                #
#                            C:\Users\Francis\Desktop\NEW\prj\Debug\List\ZD_12 #
#                            _16.map                                           #
#                            -xms                                              #
#                            "-ID:\Program Files\IAR Systems\Embedded Workbenc #
#                            h 6.4 Evaluation\430\LIB\"                        #
#                            -f                                                #
#                            "D:\Program Files\IAR Systems\Embedded Workbench  #
#                            6.4 Evaluation\430\CONFIG\lnk430F149.xcl"         #
#                            (-cmsp430 -QCODE_I=CODE_ID                        #
#                            -Z(DATA)DATA16_I,DATA16_Z,DATA16_N,TLS16_I,DATA16 #
#                            _HEAP+_DATA16_HEAP_SIZE=0200-09FF                 #
#                            -Z(DATA)CODE_I -Z(DATA)CSTACK+_STACK_SIZE#        #
#                            -Z(CONST)INFO=1000-10FF                           #
#                            -Z(CONST)INFOA=1080-10FF                          #
#                            -Z(CONST)INFOB=1000-107F                          #
#                            -Z(CONST)DATA16_C,DATA16_ID,TLS16_ID,DIFUNCT,CHEC #
#                            KSUM=1100-FFDF                                    #
#                            -Z(CODE)CSTART,ISR_CODE,CODE_ID=1100-FFDF         #
#                            -P(CODE)CODE=1100-FFDF -Z(CODE)INTVEC=FFE0-FFFF   #
#                            -Z(CODE)RESET=FFFE-FFFF) -f                       #
#                            "D:\Program Files\IAR Systems\Embedded Workbench  #
#                            6.4 Evaluation\430\config\multiplier.xcl"         #
#                            (-e?Mul8Hw=?Mul8 -e?Mul16Hw=?Mul16                #
#                            -e?Mul16to32uHw=?Mul16to32u                       #
#                            -e?Mul16to32sHw=?Mul16to32s -e?Mul32Hw=?Mul32     #
#                            -e_Mul64iHw=_Mul64i                               #
#                            -e_Mul32u32uto64iHw=_Mul32u32uto64i               #
#                            -e?Mul32fHw=_Mul32f -e_Mul64fHwPtr=_Mul64fPtr)    #
#                            -D_STACK_SIZE=50 -rt                              #
#                            "D:\Program Files\IAR Systems\Embedded Workbench  #
#                            6.4 Evaluation\430\LIB\DLIB\dl430fn.r43"          #
#                            -e_PrintfLarge=_Printf -e_ScanfLarge=_Scanf       #
#                            -D_DATA16_HEAP_SIZE=50 -s __program_start         #
#                            -D_DATA20_HEAP_SIZE=50                            #
#                                                                              #
#                           Copyright (C) 1987-2012 IAR Systems AB.            #
################################################################################





                ****************************************
                *                                      *
                *           CROSS REFERENCE            *
                *                                      *
                ****************************************

       Program entry at :           13E2  Relocatable, from module : ?cstart




                ****************************************
                *                                      *
                *            RUNTIME MODEL             *
                *                                      *
                ****************************************

  __Heap_Handler             = Basic
  __SystemLibrary            = DLib
  __core                     = 430
  __dlib_file_descriptor     = 0
  __dlib_full_locale_support = 0
  __double_size              = 32
  __pic                      = no
  __reg_r4                   = free
  __reg_r5                   = free
  __rt_version               = 3

                ****************************************
                *                                      *
                *    AUTOMATIC SYMBOL REDIRECTIONS     *
                *                                      *
                ****************************************

                  There are no automatic symbol redirections.



                ****************************************
                *                                      *
                *              MODULE MAP              *
                *                                      *
                ****************************************


  DEFINED ABSOLUTE ENTRIES
    *************************************************************************

  DEFINED ABSOLUTE ENTRIES
  PROGRAM MODULE, NAME : ?ABS_ENTRY_MOD

Absolute parts
           ENTRY                   ADDRESS         REF BY
           =====                   =======         ======
           _DATA20_HEAP_SIZE       0050 
           _DATA16_HEAP_SIZE       0050 
           _STACK_SIZE             0050 
    *************************************************************************

  FILE NAME : C:\Users\Francis\Desktop\NEW\prj\Debug\Obj\adc.r43
  PROGRAM MODULE, NAME : adc

  SEGMENTS IN THE MODULE
  ======================
DATA16_AN
  Relative segment, address: 0037 - 0037 (0x1 bytes), align: 0
  Segment part 1. ROOT.
           ENTRY                   ADDRESS         REF BY
           =====                   =======         ======
           P6SEL                   0037 
    -------------------------------------------------------------------------
DATA16_AN
  Relative segment, address: 01A0 - 01A1 (0x2 bytes), align: 0
  Segment part 2. ROOT.
           ENTRY                   ADDRESS         REF BY
           =====                   =======         ======
           ADC12CTL0               01A0 
    -------------------------------------------------------------------------
DATA16_AN
  Relative segment, address: 01A2 - 01A3 (0x2 bytes), align: 0
  Segment part 3. ROOT.
           ENTRY                   ADDRESS         REF BY
           =====                   =======         ======
           ADC12CTL1               01A2 
    -------------------------------------------------------------------------
DATA16_AN
  Relative segment, address: 01A6 - 01A7 (0x2 bytes), align: 0
  Segment part 4. ROOT.
           ENTRY                   ADDRESS         REF BY
           =====                   =======         ======
           ADC12IE                 01A6 
    -------------------------------------------------------------------------
DATA16_AN
  Relative segment, address: 0080 - 0080 (0x1 bytes), align: 0
  Segment part 5. ROOT.
           ENTRY                   ADDRESS         REF BY
           =====                   =======         ======
           ADC12MCTL0              0080 
    -------------------------------------------------------------------------
DATA16_AN
  Relative segment, address: 0081 - 0081 (0x1 bytes), align: 0
  Segment part 6. ROOT.
           ENTRY                   ADDRESS         REF BY
           =====                   =======         ======
           ADC12MCTL1              0081 

    *************************************************************************

  FILE NAME : C:\Users\Francis\Desktop\NEW\prj\Debug\Obj\am2320.r43
  PROGRAM MODULE, NAME : am2320

  SEGMENTS IN THE MODULE
  ======================
DATA16_AN
  Relative segment, address: 0028 - 0028 (0x1 bytes), align: 0
  Segment part 1. ROOT.       Intra module refs:   Read_Sensor
                                                   Read_SensorData
           ENTRY                   ADDRESS         REF BY
           =====                   =======         ======
           P2IN                    0028 
    -------------------------------------------------------------------------
DATA16_AN
  Relative segment, address: 0029 - 0029 (0x1 bytes), align: 0
  Segment part 2. ROOT.       Intra module refs:   Port_Init
           ENTRY                   ADDRESS         REF BY
           =====                   =======         ======
           P2OUT                   0029 
    -------------------------------------------------------------------------
DATA16_AN
  Relative segment, address: 002A - 002A (0x1 bytes), align: 0
  Segment part 3. ROOT.       Intra module refs:   Port_Init
           ENTRY                   ADDRESS         REF BY
           =====                   =======         ======
           P2DIR                   002A 
    -------------------------------------------------------------------------
DATA16_Z
  Relative segment, address: 0256 - 025B (0x6 bytes), align: 0
  Segment part 5.             Intra module refs:   Clear_Data
                                                   Read_Sensor
           ENTRY                   ADDRESS         REF BY
           =====                   =======         ======
           Sensor_Data             0256            main (main)
    -------------------------------------------------------------------------
DATA16_Z
  Relative segment, address: 024C - 024D (0x2 bytes), align: 1
  Segment part 6.             Intra module refs:   Read_Sensor
           ENTRY                   ADDRESS         REF BY
           =====                   =======         ======
           Sys_CNT                 024C 
    -------------------------------------------------------------------------
DATA16_Z
  Relative segment, address: 025C - 025C (0x1 bytes), align: 0
  Segment part 7.             Intra module refs:   Read_Sensor
           ENTRY                   ADDRESS         REF BY
           =====                   =======         ======
           Sensor_AnswerFlag       025C            main (main)
    -------------------------------------------------------------------------
DATA16_Z
  Relative segment, address: 025D - 025D (0x1 bytes), align: 0
  Segment part 8.             Intra module refs:   Read_Sensor
           ENTRY                   ADDRESS         REF BY
           =====                   =======         ======
           Sensor_ErrorFlag        025D 
    -------------------------------------------------------------------------
<CODE> 1 (was CODE)
  Relative segment, address: 3E74 - 3E97 (0x24 bytes), align: 1
  Segment part 10.            Intra module refs:   Read_Sensor
           ENTRY                   ADDRESS         REF BY
           =====                   =======         ======
           Port_Init               3E74 
               CSTACK = 00000000 ( 00000002 )
    -------------------------------------------------------------------------
<CODE> 1 (was CODE)
  Relative segment, address: 3FDE - 3FEF (0x12 bytes), align: 1
  Segment part 12.
           ENTRY                   ADDRESS         REF BY
           =====                   =======         ======
           Clear_Data              3FDE            main (main)
               CSTACK = 00000000 ( 00000002 )
    -------------------------------------------------------------------------
<CODE> 1 (was CODE)
  Relative segment, address: 3B7A - 3BBF (0x46 bytes), align: 1
  Segment part 9.             Intra module refs:   Read_Sensor
           ENTRY                   ADDRESS         REF BY
           =====                   =======         ======
           Read_SensorData         3B7A 
               CSTACK = 00000000 ( 00000002 )
    -------------------------------------------------------------------------
<CODE> 1 (was CODE)
  Relative segment, address: 390C - 3989 (0x7e bytes), align: 1
  Segment part 11.
           ENTRY                   ADDRESS         REF BY
           =====                   =======         ======
           Read_Sensor             390C            main (main)
               calls direct
               CSTACK = 00000000 ( 00000004 )

    *************************************************************************

  FILE NAME : C:\Users\Francis\Desktop\NEW\prj\Debug\Obj\flash.r43
  PROGRAM MODULE, NAME : flash

  SEGMENTS IN THE MODULE
  ======================
DATA16_AN
  Relative segment, address: 0128 - 0129 (0x2 bytes), align: 0
  Segment part 1. ROOT.
           ENTRY                   ADDRESS         REF BY
           =====                   =======         ======
           FCTL1                   0128 
    -------------------------------------------------------------------------
DATA16_AN
  Relative segment, address: 012C - 012D (0x2 bytes), align: 0
  Segment part 2. ROOT.
           ENTRY                   ADDRESS         REF BY
           =====                   =======         ======
           FCTL3                   012C 
    -------------------------------------------------------------------------
DATA16_Z
  Relative segment, address: 025E - 027D (0x20 bytes), align: 0
  Segment part 4.             Intra module refs:   Flash_read
           ENTRY                   ADDRESS         REF BY
           =====                   =======         ======
           DataBuffer              025E            main (main)
    -------------------------------------------------------------------------
<CODE> 1 (was CODE)
  Relative segment, address: 3F02 - 3F19 (0x18 bytes), align: 1
  Segment part 7.
           ENTRY                   ADDRESS         REF BY
           =====                   =======         ======
           Flash_read              3F02            main (main)
               CSTACK = 00000000 ( 00000002 )
    -------------------------------------------------------------------------
<CODE> 1 (was CODE)
  Relative segment, address: 4136 - 4139 (0x4 bytes), align: 1
  Segment part 6.
           ENTRY                   ADDRESS         REF BY
           =====                   =======         ======
           Flash_read_OneByte      4136            main (main)
               CSTACK = 00000000 ( 00000002 )

    *************************************************************************

  FILE NAME : C:\Users\Francis\Desktop\NEW\prj\Debug\Obj\main.r43
  PROGRAM MODULE, NAME : main

  SEGMENTS IN THE MODULE
  ======================
DATA16_AN
  Relative segment, address: 0120 - 0121 (0x2 bytes), align: 0
  Segment part 1. ROOT.       Intra module refs:   main
           ENTRY                   ADDRESS         REF BY
           =====                   =======         ======
           WDTCTL                  0120 
    -------------------------------------------------------------------------
DATA16_AN
  Relative segment, address: 001C - 001C (0x1 bytes), align: 0
  Segment part 2. ROOT.       Intra module refs:   main
           ENTRY                   ADDRESS         REF BY
           =====                   =======         ======
           P4IN                    001C 
    -------------------------------------------------------------------------
DATA16_AN
  Relative segment, address: 001D - 001D (0x1 bytes), align: 0
  Segment part 3. ROOT.       Intra module refs:   main
           ENTRY                   ADDRESS         REF BY
           =====                   =======         ======
           P4OUT                   001D 
    -------------------------------------------------------------------------
DATA16_AN
  Relative segment, address: 001E - 001E (0x1 bytes), align: 0
  Segment part 4. ROOT.       Intra module refs:   main
           ENTRY                   ADDRESS         REF BY
           =====                   =======         ======
           P4DIR                   001E 
    -------------------------------------------------------------------------
DATA16_Z
  Relative segment, address: 027E - 027E (0x1 bytes), align: 0
  Segment part 79.            Intra module refs:   main
           ENTRY                   ADDRESS         REF BY
           =====                   =======         ======
           state                   027E 
    -------------------------------------------------------------------------
DATA16_Z
  Relative segment, address: 027F - 027F (0x1 bytes), align: 0
  Segment part 80.            Intra module refs:   main
           ENTRY                   ADDRESS         REF BY
           =====                   =======         ======
           error_code              027F 
    -------------------------------------------------------------------------
DATA16_I
  Relative segment, address: 0200 - 0201 (0x2 bytes), align: 1
  Segment part 81.            Intra module refs:   main
           ENTRY                   ADDRESS         REF BY
           =====                   =======         ======
           Sleep_Time              0200            Timer_A (time)
    -------------------------------------------------------------------------
DATA16_Z
  Relative segment, address: 0280 - 0280 (0x1 bytes), align: 0
  Segment part 83.            Intra module refs:   main
           ENTRY                   ADDRESS         REF BY
           =====                   =======         ======
           sleep_flag              0280            Timer_A (time)
    -------------------------------------------------------------------------
DATA16_Z
  Relative segment, address: 0281 - 0281 (0x1 bytes), align: 0
  Segment part 84.            Intra module refs:   main
           ENTRY                   ADDRESS         REF BY
           =====                   =======         ======
           location                0281 
    -------------------------------------------------------------------------
DATA16_Z
  Relative segment, address: 0282 - 0282 (0x1 bytes), align: 0
  Segment part 85.            Intra module refs:   main
           ENTRY                   ADDRESS         REF BY
           =====                   =======         ======
           cmd_len                 0282 
    -------------------------------------------------------------------------
DATA16_Z
  Relative segment, address: 0283 - 0283 (0x1 bytes), align: 0
  Segment part 86.            Intra module refs:   main
           ENTRY                   ADDRESS         REF BY
           =====                   =======         ======
           Sensor_Check            0283 
    -------------------------------------------------------------------------
DATA16_Z
  Relative segment, address: 024E - 024F (0x2 bytes), align: 1
  Segment part 87.            Intra module refs:   main
           ENTRY                   ADDRESS         REF BY
           =====                   =======         ======
           Tmp1                    024E 
    -------------------------------------------------------------------------
DATA16_Z
  Relative segment, address: 0250 - 0251 (0x2 bytes), align: 1
  Segment part 88.            Intra module refs:   main
           ENTRY                   ADDRESS         REF BY
           =====                   =======         ======
           Tmp2                    0250 
    -------------------------------------------------------------------------
DATA16_Z
  Relative segment, address: 0284 - 0289 (0x6 bytes), align: 0
  Segment part 89.            Intra module refs:   main
           ENTRY                   ADDRESS         REF BY
           =====                   =======         ======
           time_interval           0284 
    -------------------------------------------------------------------------
DATA16_Z
  Relative segment, address: 028A - 028C (0x3 bytes), align: 0
  Segment part 90.            Intra module refs:   main
           ENTRY                   ADDRESS         REF BY
           =====                   =======         ======
           PORT                    028A 
    -------------------------------------------------------------------------
DATA16_Z
  Relative segment, address: 028D - 0296 (0xa bytes), align: 0
  Segment part 91.            Intra module refs:   main
           ENTRY                   ADDRESS         REF BY
           =====                   =======         ======
           FRE                     028D 
    -------------------------------------------------------------------------
DATA16_I
  Relative segment, address: 0202 - 021A (0x19 bytes), align: 0
  Segment part 93.            Intra module refs:   main
           ENTRY                   ADDRESS         REF BY
           =====                   =======         ======
           APPEUI                  0202 
    -------------------------------------------------------------------------
DATA16_I
  Relative segment, address: 021B - 024B (0x31 bytes), align: 0
  Segment part 95.            Intra module refs:   main
           ENTRY                   ADDRESS         REF BY
           =====                   =======         ======
           APPKEY                  021B 
    -------------------------------------------------------------------------
DATA16_Z
  Relative segment, address: 0297 - 029D (0x7 bytes), align: 0
  Segment part 97.            Intra module refs:   main
           ENTRY                   ADDRESS         REF BY
           =====                   =======         ======
           MPA                     0297 
    -------------------------------------------------------------------------
DATA16_Z
  Relative segment, address: 029E - 02ED (0x50 bytes), align: 0
  Segment part 98.            Intra module refs:   main
           ENTRY                   ADDRESS         REF BY
           =====                   =======         ======
           AT_CMD                  029E 
    -------------------------------------------------------------------------
<CODE> 1 (was CODE)
  Relative segment, address: 140A - 268B (0x1282 bytes), align: 1
  Segment part 99.
           ENTRY                   ADDRESS         REF BY
           =====                   =======         ======
           main                    140A            Segment part 17 (?cstart)
               calls direct
               CSTACK = 00000000 ( 00000006 )
    -------------------------------------------------------------------------
DATA16_ID
  Relative segment, address: 1396 - 1397 (0x2 bytes), align: 1
  Segment part 82.            Intra module refs:   Sleep_Time
    -------------------------------------------------------------------------
DATA16_ID
  Relative segment, address: 1398 - 13B0 (0x19 bytes), align: 0
  Segment part 94.            Intra module refs:   APPEUI
    -------------------------------------------------------------------------
DATA16_ID
  Relative segment, address: 13B1 - 13E1 (0x31 bytes), align: 0
  Segment part 96.            Intra module refs:   APPKEY
    -------------------------------------------------------------------------
DATA16_C
  Relative segment, address: 1100 - 110A (0xb bytes), align: 0
  Segment part 6.             Intra module refs:   main
    -------------------------------------------------------------------------
DATA16_C
  Relative segment, address: 110B - 1116 (0xc bytes), align: 0
  Segment part 7.             Intra module refs:   main
    -------------------------------------------------------------------------
DATA16_C
  Relative segment, address: 1117 - 1125 (0xf bytes), align: 0
  Segment part 8.             Intra module refs:   main
    -------------------------------------------------------------------------
DATA16_C
  Relative segment, address: 1126 - 1134 (0xf bytes), align: 0
  Segment part 9.             Intra module refs:   main
    -------------------------------------------------------------------------
DATA16_C
  Relative segment, address: 1135 - 1144 (0x10 bytes), align: 0
  Segment part 10.            Intra module refs:   main
    -------------------------------------------------------------------------
DATA16_C
  Relative segment, address: 1145 - 1155 (0x11 bytes), align: 0
  Segment part 11.            Intra module refs:   main
    -------------------------------------------------------------------------
DATA16_C
  Relative segment, address: 1156 - 115F (0xa bytes), align: 0
  Segment part 12.            Intra module refs:   main
    -------------------------------------------------------------------------
DATA16_C
  Relative segment, address: 1160 - 1163 (0x4 bytes), align: 0
  Segment part 13.            Intra module refs:   main
    -------------------------------------------------------------------------
DATA16_C
  Relative segment, address: 1164 - 116B (0x8 bytes), align: 0
  Segment part 14.            Intra module refs:   main
    -------------------------------------------------------------------------
DATA16_C
  Relative segment, address: 116C - 116F (0x4 bytes), align: 0
  Segment part 15.            Intra module refs:   main
    -------------------------------------------------------------------------
DATA16_C
  Relative segment, address: 1170 - 117A (0xb bytes), align: 0
  Segment part 16.            Intra module refs:   main
    -------------------------------------------------------------------------
DATA16_C
  Relative segment, address: 117B - 117E (0x4 bytes), align: 0
  Segment part 17.            Intra module refs:   main
    -------------------------------------------------------------------------
DATA16_C
  Relative segment, address: 117F - 1186 (0x8 bytes), align: 0
  Segment part 18.            Intra module refs:   main
    -------------------------------------------------------------------------
DATA16_C
  Relative segment, address: 1187 - 118A (0x4 bytes), align: 0
  Segment part 19.            Intra module refs:   main
    -------------------------------------------------------------------------
DATA16_C
  Relative segment, address: 118B - 1192 (0x8 bytes), align: 0
  Segment part 20.            Intra module refs:   main
    -------------------------------------------------------------------------
DATA16_C
  Relative segment, address: 1193 - 1196 (0x4 bytes), align: 0
  Segment part 21.            Intra module refs:   main
    -------------------------------------------------------------------------
DATA16_C
  Relative segment, address: 1197 - 11A3 (0xd bytes), align: 0
  Segment part 22.            Intra module refs:   main
    -------------------------------------------------------------------------
DATA16_C
  Relative segment, address: 11A4 - 11AB (0x8 bytes), align: 0
  Segment part 23.            Intra module refs:   main
    -------------------------------------------------------------------------
DATA16_C
  Relative segment, address: 11AC - 11AF (0x4 bytes), align: 0
  Segment part 24.            Intra module refs:   main
    -------------------------------------------------------------------------
DATA16_C
  Relative segment, address: 11B0 - 11BB (0xc bytes), align: 0
  Segment part 25.            Intra module refs:   main
    -------------------------------------------------------------------------
DATA16_C
  Relative segment, address: 11BC - 11C3 (0x8 bytes), align: 0
  Segment part 26.            Intra module refs:   main
    -------------------------------------------------------------------------
DATA16_C
  Relative segment, address: 11C4 - 11C7 (0x4 bytes), align: 0
  Segment part 27.            Intra module refs:   main
    -------------------------------------------------------------------------
DATA16_C
  Relative segment, address: 11C8 - 11CF (0x8 bytes), align: 0
  Segment part 28.            Intra module refs:   main
    -------------------------------------------------------------------------
DATA16_C
  Relative segment, address: 11D0 - 11D3 (0x4 bytes), align: 0
  Segment part 29.            Intra module refs:   main
    -------------------------------------------------------------------------
DATA16_C
  Relative segment, address: 11D4 - 11E4 (0x11 bytes), align: 0
  Segment part 30.            Intra module refs:   main
    -------------------------------------------------------------------------
DATA16_C
  Relative segment, address: 11E5 - 11F0 (0xc bytes), align: 0
  Segment part 31.            Intra module refs:   main
    -------------------------------------------------------------------------
DATA16_C
  Relative segment, address: 11F1 - 11FB (0xb bytes), align: 0
  Segment part 32.            Intra module refs:   main
    -------------------------------------------------------------------------
DATA16_C
  Relative segment, address: 11FC - 1206 (0xb bytes), align: 0
  Segment part 33.            Intra module refs:   main
    -------------------------------------------------------------------------
DATA16_C
  Relative segment, address: 1207 - 1210 (0xa bytes), align: 0
  Segment part 34.            Intra module refs:   main
    -------------------------------------------------------------------------
DATA16_C
  Relative segment, address: 1211 - 121A (0xa bytes), align: 0
  Segment part 35.            Intra module refs:   main
    -------------------------------------------------------------------------
DATA16_C
  Relative segment, address: 121B - 1224 (0xa bytes), align: 0
  Segment part 36.            Intra module refs:   main
    -------------------------------------------------------------------------
DATA16_C
  Relative segment, address: 1225 - 122C (0x8 bytes), align: 0
  Segment part 37.            Intra module refs:   main
    -------------------------------------------------------------------------
DATA16_C
  Relative segment, address: 122D - 1230 (0x4 bytes), align: 0
  Segment part 38.            Intra module refs:   main
    -------------------------------------------------------------------------
DATA16_C
  Relative segment, address: 1231 - 1237 (0x7 bytes), align: 0
  Segment part 39.            Intra module refs:   main
    -------------------------------------------------------------------------
DATA16_C
  Relative segment, address: 1238 - 123B (0x4 bytes), align: 0
  Segment part 40.            Intra module refs:   main
    -------------------------------------------------------------------------
DATA16_C
  Relative segment, address: 123C - 1245 (0xa bytes), align: 0
  Segment part 41.            Intra module refs:   main
    -------------------------------------------------------------------------
DATA16_C
  Relative segment, address: 1246 - 1249 (0x4 bytes), align: 0
  Segment part 42.            Intra module refs:   main
    -------------------------------------------------------------------------
DATA16_C
  Relative segment, address: 124A - 1256 (0xd bytes), align: 0
  Segment part 43.            Intra module refs:   main
    -------------------------------------------------------------------------
DATA16_C
  Relative segment, address: 1257 - 125F (0x9 bytes), align: 0
  Segment part 44.            Intra module refs:   main
    -------------------------------------------------------------------------
DATA16_C
  Relative segment, address: 1260 - 126A (0xb bytes), align: 0
  Segment part 45.            Intra module refs:   main
    -------------------------------------------------------------------------
DATA16_C
  Relative segment, address: 126B - 126E (0x4 bytes), align: 0
  Segment part 46.            Intra module refs:   main
    -------------------------------------------------------------------------
DATA16_C
  Relative segment, address: 126F - 127B (0xd bytes), align: 0
  Segment part 47.            Intra module refs:   main
    -------------------------------------------------------------------------
DATA16_C
  Relative segment, address: 127C - 1284 (0x9 bytes), align: 0
  Segment part 48.            Intra module refs:   main
    -------------------------------------------------------------------------
DATA16_C
  Relative segment, address: 1285 - 128F (0xb bytes), align: 0
  Segment part 49.            Intra module refs:   main
    -------------------------------------------------------------------------
DATA16_C
  Relative segment, address: 1290 - 1293 (0x4 bytes), align: 0
  Segment part 50.            Intra module refs:   main
    -------------------------------------------------------------------------
DATA16_C
  Relative segment, address: 1294 - 129E (0xb bytes), align: 0
  Segment part 51.            Intra module refs:   main
    -------------------------------------------------------------------------
DATA16_C
  Relative segment, address: 129F - 12A5 (0x7 bytes), align: 0
  Segment part 52.            Intra module refs:   main
    -------------------------------------------------------------------------
DATA16_C
  Relative segment, address: 12A6 - 12AE (0x9 bytes), align: 0
  Segment part 53.            Intra module refs:   main
    -------------------------------------------------------------------------
DATA16_C
  Relative segment, address: 12AF - 12B2 (0x4 bytes), align: 0
  Segment part 54.            Intra module refs:   main
    -------------------------------------------------------------------------
DATA16_C
  Relative segment, address: 12B3 - 12BC (0xa bytes), align: 0
  Segment part 55.            Intra module refs:   main
    -------------------------------------------------------------------------
DATA16_C
  Relative segment, address: 12BD - 12C4 (0x8 bytes), align: 0
  Segment part 56.            Intra module refs:   main
    -------------------------------------------------------------------------
DATA16_C
  Relative segment, address: 12C5 - 12CD (0x9 bytes), align: 0
  Segment part 57.            Intra module refs:   main
    -------------------------------------------------------------------------
DATA16_C
  Relative segment, address: 12CE - 12D1 (0x4 bytes), align: 0
  Segment part 58.            Intra module refs:   main
    -------------------------------------------------------------------------
DATA16_C
  Relative segment, address: 12D2 - 12DC (0xb bytes), align: 0
  Segment part 59.            Intra module refs:   main
    -------------------------------------------------------------------------
DATA16_C
  Relative segment, address: 12DD - 12E0 (0x4 bytes), align: 0
  Segment part 60.            Intra module refs:   main
    -------------------------------------------------------------------------
DATA16_C
  Relative segment, address: 12E1 - 12E4 (0x4 bytes), align: 0
  Segment part 61.            Intra module refs:   main
    -------------------------------------------------------------------------
DATA16_C
  Relative segment, address: 12E5 - 12F2 (0xe bytes), align: 0
  Segment part 62.            Intra module refs:   main
    -------------------------------------------------------------------------
DATA16_C
  Relative segment, address: 12F3 - 12FD (0xb bytes), align: 0
  Segment part 63.            Intra module refs:   main
    -------------------------------------------------------------------------
DATA16_C
  Relative segment, address: 12FE - 130A (0xd bytes), align: 0
  Segment part 64.            Intra module refs:   main
    -------------------------------------------------------------------------
DATA16_C
  Relative segment, address: 130B - 130E (0x4 bytes), align: 0
  Segment part 65.            Intra module refs:   main
    -------------------------------------------------------------------------
DATA16_C
  Relative segment, address: 130F - 1319 (0xb bytes), align: 0
  Segment part 66.            Intra module refs:   main
    -------------------------------------------------------------------------
DATA16_C
  Relative segment, address: 131A - 1321 (0x8 bytes), align: 0
  Segment part 67.            Intra module refs:   main
    -------------------------------------------------------------------------
DATA16_C
  Relative segment, address: 1322 - 132A (0x9 bytes), align: 0
  Segment part 68.            Intra module refs:   main
    -------------------------------------------------------------------------
DATA16_C
  Relative segment, address: 132B - 132E (0x4 bytes), align: 0
  Segment part 69.            Intra module refs:   main
    -------------------------------------------------------------------------
DATA16_C
  Relative segment, address: 132F - 1338 (0xa bytes), align: 0
  Segment part 70.            Intra module refs:   main
    -------------------------------------------------------------------------
DATA16_C
  Relative segment, address: 1339 - 133F (0x7 bytes), align: 0
  Segment part 71.            Intra module refs:   main
    -------------------------------------------------------------------------
DATA16_C
  Relative segment, address: 1340 - 1347 (0x8 bytes), align: 0
  Segment part 72.            Intra module refs:   main
    -------------------------------------------------------------------------
DATA16_C
  Relative segment, address: 1348 - 134B (0x4 bytes), align: 0
  Segment part 73.            Intra module refs:   main
    -------------------------------------------------------------------------
DATA16_C
  Relative segment, address: 134C - 1358 (0xd bytes), align: 0
  Segment part 74.            Intra module refs:   main
    -------------------------------------------------------------------------
DATA16_C
  Relative segment, address: 1359 - 1365 (0xd bytes), align: 0
  Segment part 75.            Intra module refs:   main
    -------------------------------------------------------------------------
DATA16_C
  Relative segment, address: 1366 - 136F (0xa bytes), align: 0
  Segment part 76.            Intra module refs:   main
    -------------------------------------------------------------------------
DATA16_C
  Relative segment, address: 1370 - 1379 (0xa bytes), align: 0
  Segment part 77.            Intra module refs:   main
    -------------------------------------------------------------------------
DATA16_C
  Relative segment, address: 137A - 137C (0x3 bytes), align: 0
  Segment part 78.            Intra module refs:   main

    *************************************************************************

  FILE NAME : C:\Users\Francis\Desktop\NEW\prj\Debug\Obj\time.r43
  PROGRAM MODULE, NAME : time

  SEGMENTS IN THE MODULE
  ======================
DATA16_AN
  Relative segment, address: 0002 - 0002 (0x1 bytes), align: 0
  Segment part 1. ROOT.       Intra module refs:   Clock_Init
                                                   SendChar (uart)
                                                   usart0_rx (uart)
           ENTRY                   ADDRESS         REF BY
           =====                   =======         ======
           IFG1                    0002 
    -------------------------------------------------------------------------
DATA16_AN
  Relative segment, address: 0160 - 0161 (0x2 bytes), align: 0
  Segment part 2. ROOT.       Intra module refs:   TimerAInit
           ENTRY                   ADDRESS         REF BY
           =====                   =======         ======
           TACTL                   0160 
    -------------------------------------------------------------------------
DATA16_AN
  Relative segment, address: 0162 - 0163 (0x2 bytes), align: 0
  Segment part 3. ROOT.       Intra module refs:   TimerAInit
                                                   TimerBInit
           ENTRY                   ADDRESS         REF BY
           =====                   =======         ======
           TACCTL0                 0162 
    -------------------------------------------------------------------------
DATA16_AN
  Relative segment, address: 0172 - 0173 (0x2 bytes), align: 0
  Segment part 4. ROOT.       Intra module refs:   TimerAInit
           ENTRY                   ADDRESS         REF BY
           =====                   =======         ======
           TACCR0                  0172 
    -------------------------------------------------------------------------
DATA16_AN
  Relative segment, address: 0180 - 0181 (0x2 bytes), align: 0
  Segment part 5. ROOT.       Intra module refs:   TimerBInit
           ENTRY                   ADDRESS         REF BY
           =====                   =======         ======
           TBCTL                   0180 
    -------------------------------------------------------------------------
DATA16_AN
  Relative segment, address: 0182 - 0183 (0x2 bytes), align: 0
  Segment part 6. ROOT.       Intra module refs:   TimerBInit
           ENTRY                   ADDRESS         REF BY
           =====                   =======         ======
           TBCCTL0                 0182 
    -------------------------------------------------------------------------
DATA16_AN
  Relative segment, address: 0192 - 0193 (0x2 bytes), align: 0
  Segment part 7. ROOT.       Intra module refs:   TimerBInit
           ENTRY                   ADDRESS         REF BY
           =====                   =======         ======
           TBCCR0                  0192 
    -------------------------------------------------------------------------
DATA16_AN
  Relative segment, address: 0056 - 0056 (0x1 bytes), align: 0
  Segment part 8. ROOT.
           ENTRY                   ADDRESS         REF BY
           =====                   =======         ======
           DCOCTL                  0056 
    -------------------------------------------------------------------------
DATA16_AN
  Relative segment, address: 0057 - 0057 (0x1 bytes), align: 0
  Segment part 9. ROOT.       Intra module refs:   Clock_Init
           ENTRY                   ADDRESS         REF BY
           =====                   =======         ======
           BCSCTL1                 0057 
    -------------------------------------------------------------------------
DATA16_AN
  Relative segment, address: 0058 - 0058 (0x1 bytes), align: 0
  Segment part 10. ROOT.      Intra module refs:   Clock_Init
           ENTRY                   ADDRESS         REF BY
           =====                   =======         ======
           BCSCTL2                 0058 
    -------------------------------------------------------------------------
DATA16_Z
  Relative segment, address: 0252 - 0253 (0x2 bytes), align: 1
  Segment part 14.            Intra module refs:   Timer_A
           ENTRY                   ADDRESS         REF BY
           =====                   =======         ======
           Timer_A_Flag            0252            main (main)
    -------------------------------------------------------------------------
DATA16_Z
  Relative segment, address: 02EE - 02EE (0x1 bytes), align: 0
  Segment part 15.            Intra module refs:   Timer_A
           ENTRY                   ADDRESS         REF BY
           =====                   =======         ======
           TimerOver_flag          02EE            main (main)
    -------------------------------------------------------------------------
DATA16_Z
  Relative segment, address: 02EF - 02EF (0x1 bytes), align: 0
  Segment part 16.            Intra module refs:   Timer_B
           ENTRY                   ADDRESS         REF BY
           =====                   =======         ======
           UART0_flag              02EF            main (main)
    -------------------------------------------------------------------------
DATA16_Z
  Relative segment, address: 0254 - 0255 (0x2 bytes), align: 1
  Segment part 17.            Intra module refs:   Timer_B
           ENTRY                   ADDRESS         REF BY
           =====                   =======         ======
           UART0_Rx_time_count     0254            usart0_rx (uart)
    -------------------------------------------------------------------------
<CODE> 1 (was CODE)
  Relative segment, address: 3EB4 - 3ECD (0x1a bytes), align: 1
  Segment part 24.
           ENTRY                   ADDRESS         REF BY
           =====                   =======         ======
           TimerAInit              3EB4            main (main)
               CSTACK = 00000000 ( 00000002 )
    -------------------------------------------------------------------------
<CODE> 1 (was CODE)
  Relative segment, address: 3ECE - 3EE7 (0x1a bytes), align: 1
  Segment part 23.
           ENTRY                   ADDRESS         REF BY
           =====                   =======         ======
           TimerBInit              3ECE            main (main)
               CSTACK = 00000000 ( 00000002 )
    -------------------------------------------------------------------------
<CODE> 1 (was CODE)
  Relative segment, address: 3DAE - 3DD7 (0x2a bytes), align: 1
  Segment part 22.
           ENTRY                   ADDRESS         REF BY
           =====                   =======         ======
           Clock_Init              3DAE            main (main)
               CSTACK = 00000000 ( 00000002 )
    -------------------------------------------------------------------------
<CODE> 1 (was CODE)
  Relative segment, address: 3E2A - 3E4F (0x26 bytes), align: 1
  Segment part 19.            Intra module refs:   Timer_A::??INTVEC 12
           ENTRY                   ADDRESS         REF BY
           =====                   =======         ======
           Timer_A                 3E2A 
               interrupt function
               CSTACK = 00000000 ( 00000004 )
    -------------------------------------------------------------------------
<CODE> 1 (was CODE)
  Relative segment, address: 3DD8 - 3E01 (0x2a bytes), align: 1
  Segment part 18.            Intra module refs:   Timer_B::??INTVEC 26
           ENTRY                   ADDRESS         REF BY
           =====                   =======         ======
           Timer_B                 3DD8 
               interrupt function
               CSTACK = 00000000 ( 00000004 )
    -------------------------------------------------------------------------
INTVEC
  Common segment, address: FFE0 - FFED (0xe bytes), align: 1
  Segment part 11. ROOT.
           ENTRY                   ADDRESS         REF BY
           =====                   =======         ======
           Timer_A::??INTVEC 12    FFEC 
    -------------------------------------------------------------------------
INTVEC
  Common segment, address: FFE0 - FFFB (0x1c bytes), align: 1
  Segment part 12. ROOT.
           ENTRY                   ADDRESS         REF BY
           =====                   =======         ======
           Timer_B::??INTVEC 26    FFFA 

    *************************************************************************

  FILE NAME : C:\Users\Francis\Desktop\NEW\prj\Debug\Obj\uart.r43
  PROGRAM MODULE, NAME : uart

  SEGMENTS IN THE MODULE
  ======================
DATA16_AN
  Relative segment, address: 0000 - 0000 (0x1 bytes), align: 0
  Segment part 1. ROOT.       Intra module refs:   InitUART
           ENTRY                   ADDRESS         REF BY
           =====                   =======         ======
           IE1                     0000 
    -------------------------------------------------------------------------
DATA16_AN
  Relative segment, address: 0004 - 0004 (0x1 bytes), align: 0
  Segment part 3. ROOT.       Intra module refs:   InitUART
           ENTRY                   ADDRESS         REF BY
           =====                   =======         ======
           ME1                     0004 
    -------------------------------------------------------------------------
DATA16_AN
  Relative segment, address: 001B - 001B (0x1 bytes), align: 0
  Segment part 4. ROOT.       Intra module refs:   InitUART
           ENTRY                   ADDRESS         REF BY
           =====                   =======         ======
           P3SEL                   001B 
    -------------------------------------------------------------------------
DATA16_AN
  Relative segment, address: 0070 - 0070 (0x1 bytes), align: 0
  Segment part 5. ROOT.       Intra module refs:   InitUART
           ENTRY                   ADDRESS         REF BY
           =====                   =======         ======
           U0CTL                   0070 
    -------------------------------------------------------------------------
DATA16_AN
  Relative segment, address: 0071 - 0071 (0x1 bytes), align: 0
  Segment part 6. ROOT.       Intra module refs:   InitUART
           ENTRY                   ADDRESS         REF BY
           =====                   =======         ======
           U0TCTL                  0071 
    -------------------------------------------------------------------------
DATA16_AN
  Relative segment, address: 0073 - 0073 (0x1 bytes), align: 0
  Segment part 7. ROOT.       Intra module refs:   InitUART
           ENTRY                   ADDRESS         REF BY
           =====                   =======         ======
           U0MCTL                  0073 
    -------------------------------------------------------------------------
DATA16_AN
  Relative segment, address: 0074 - 0074 (0x1 bytes), align: 0
  Segment part 8. ROOT.       Intra module refs:   InitUART
           ENTRY                   ADDRESS         REF BY
           =====                   =======         ======
           U0BR0                   0074 
    -------------------------------------------------------------------------
DATA16_AN
  Relative segment, address: 0075 - 0075 (0x1 bytes), align: 0
  Segment part 9. ROOT.       Intra module refs:   InitUART
           ENTRY                   ADDRESS         REF BY
           =====                   =======         ======
           U0BR1                   0075 
    -------------------------------------------------------------------------
DATA16_AN
  Relative segment, address: 0076 - 0076 (0x1 bytes), align: 0
  Segment part 10. ROOT.      Intra module refs:   usart0_rx
           ENTRY                   ADDRESS         REF BY
           =====                   =======         ======
           U0RXBUF                 0076 
    -------------------------------------------------------------------------
DATA16_AN
  Relative segment, address: 0077 - 0077 (0x1 bytes), align: 0
  Segment part 11. ROOT.      Intra module refs:   SendChar
           ENTRY                   ADDRESS         REF BY
           =====                   =======         ======
           U0TXBUF                 0077 
    -------------------------------------------------------------------------
DATA16_Z
  Relative segment, address: 02F0 - 033F (0x50 bytes), align: 0
  Segment part 14.            Intra module refs:   usart0_rx
           ENTRY                   ADDRESS         REF BY
           =====                   =======         ======
           RxBuffer0               02F0            main (main)
    -------------------------------------------------------------------------
DATA16_Z
  Relative segment, address: 0340 - 0340 (0x1 bytes), align: 0
  Segment part 15.            Intra module refs:   usart0_rx
           ENTRY                   ADDRESS         REF BY
           =====                   =======         ======
           RxCounter0              0340            Timer_B (time)
                                                   main (main)
    -------------------------------------------------------------------------
<CODE> 1 (was CODE)
  Relative segment, address: 3CEC - 3D1F (0x34 bytes), align: 1
  Segment part 25.
           ENTRY                   ADDRESS         REF BY
           =====                   =======         ======
           InitUART                3CEC            main (main)
               CSTACK = 00000000 ( 00000002 )
    -------------------------------------------------------------------------
<CODE> 1 (was CODE)
  Relative segment, address: 3E02 - 3E29 (0x28 bytes), align: 1
  Segment part 24.            Intra module refs:   usart0_rx::??INTVEC 18
           ENTRY                   ADDRESS         REF BY
           =====                   =======         ======
           usart0_rx               3E02 
               interrupt function
               CSTACK = 00000000 ( 00000006 )
    -------------------------------------------------------------------------
<CODE> 1 (was CODE)
  Relative segment, address: 40EC - 40F7 (0xc bytes), align: 1
  Segment part 19.            Intra module refs:   PutString
                                                   UART_PutStringTransparent
           ENTRY                   ADDRESS         REF BY
           =====                   =======         ======
           SendChar                40EC 
               CSTACK = 00000000 ( 00000002 )
    -------------------------------------------------------------------------
<CODE> 1 (was CODE)
  Relative segment, address: 3F5C - 3F6F (0x14 bytes), align: 1
  Segment part 22.
           ENTRY                   ADDRESS         REF BY
           =====                   =======         ======
           PutString               3F5C            main (main)
               calls direct
               CSTACK = 00000000 ( 00000002 )
    -------------------------------------------------------------------------
<CODE> 1 (was CODE)
  Relative segment, address: 3714 - 37FB (0xe8 bytes), align: 1
  Segment part 20.
           ENTRY                   ADDRESS         REF BY
           =====                   =======         ======
           UART_PutStringTransparent
                                   3714            main (main)
               calls direct
               CSTACK = 00000000 ( 00000010 )
    -------------------------------------------------------------------------
<CODE> 1 (was CODE)
  Relative segment, address: 39EA - 3A45 (0x5c bytes), align: 1
  Segment part 18.
           ENTRY                   ADDRESS         REF BY
           =====                   =======         ======
           my_strstr               39EA            main (main)
               CSTACK = 00000000 ( 0000000A )
    -------------------------------------------------------------------------
<CODE> 1 (was CODE)
  Relative segment, address: 398A - 39E9 (0x60 bytes), align: 1
  Segment part 17.
           ENTRY                   ADDRESS         REF BY
           =====                   =======         ======
           make_str                398A            main (main)
               CSTACK = 00000000 ( 0000000A )
    -------------------------------------------------------------------------
<CODE> 1 (was CODE)
  Relative segment, address: 3BC0 - 3C03 (0x44 bytes), align: 1
  Segment part 16.
           ENTRY                   ADDRESS         REF BY
           =====                   =======         ======
           unpack_str              3BC0            main (main)
               CSTACK = 00000000 ( 00000006 )
    -------------------------------------------------------------------------
INTVEC
  Common segment, address: FFE0 - FFF3 (0x14 bytes), align: 1
  Segment part 12. ROOT.
           ENTRY                   ADDRESS         REF BY
           =====                   =======         ======
           usart0_rx::??INTVEC 18
                                   FFF2 

    *************************************************************************

  FILE NAME : D:\Program Files\IAR Systems\Embedded Workbench 6.4 Evaluation\430\LIB\DLIB\dl430fn.r43
  LIBRARY MODULE, NAME : ?Mul32fHw

  SEGMENTS IN THE MODULE
  ======================
<CODE> 1 (was CODE)
  Relative segment, address: 34B2 - 35E3 (0x132 bytes), align: 1
  Segment part 0.
           ENTRY                   ADDRESS         REF BY
           =====                   =======         ======
           ?Mul32fHw               34B2            _LdtobLarge (?xprintflarge)
                                                   scale (?xprintflarge)

    -------------------------------------------------------------------------
  LIBRARY MODULE, NAME : ?__dbg_break

  SEGMENTS IN THE MODULE
  ======================
<CODE> 1 (was CODE)
  Relative segment, address: 413A - 413B (0x2 bytes), align: 1
  Segment part 2.
           ENTRY                   ADDRESS         REF BY
           =====                   =======         ======
           __DebugBreak            413A            __exit (?__exit)

    -------------------------------------------------------------------------
  LIBRARY MODULE, NAME : ?__exit

  SEGMENTS IN THE MODULE
  ======================
<CODE> 1 (was CODE)
  Relative segment, address: 3F46 - 3F5B (0x16 bytes), align: 1
  Segment part 2.
           ENTRY                   ADDRESS         REF BY
           =====                   =======         ======
           __exit                  3F46            Segment part 6 (?_exit)
                                                   _exit (?_exit)
               calls direct

    -------------------------------------------------------------------------
  LIBRARY MODULE, NAME : ?_exit

  SEGMENTS IN THE MODULE
  ======================
<CODE> 1 (was CODE)
  Relative segment, address: 412A, align: 1
  Segment part 0.
           ENTRY                   ADDRESS         REF BY
           =====                   =======         ======
           _exit                   412A            exit (?exit)
    -------------------------------------------------------------------------
<CODE> 1 (was CODE)
  Relative segment, address: 412A - 412D (0x4 bytes), align: 1
  Segment part 6.             Intra module refs:   _exit

    -------------------------------------------------------------------------
  LIBRARY MODULE, NAME : ?cstart

  SEGMENTS IN THE MODULE
  ======================
CSTACK
  Relative segment, address: 09B0, align: 1
  Segment part 1.
    -------------------------------------------------------------------------
DATA16_Z
  Relative segment, address: 0256, align: 1
  Segment part 2.
    -------------------------------------------------------------------------
DATA16_I
  Relative segment, address: 0202, align: 1
  Segment part 3.
    -------------------------------------------------------------------------
DATA16_ID
  Relative segment, address: 1398, align: 1
  Segment part 4.
    -------------------------------------------------------------------------
CSTART
  Relative segment, address: 13E2 - 13E5 (0x4 bytes), align: 1
  Segment part 9.
           ENTRY                   ADDRESS         REF BY
           =====                   =======         ======
           __program_start         13E2            ?reset_vector (?reset_vector)
                                                   Absolute parts (?ABS_ENTRY_MOD)
           ?cstart_begin           13E2 
    -------------------------------------------------------------------------
CSTART
  Relative segment, address: 13E6 - 13F1 (0xc bytes), align: 1
  Segment part 12.
           ENTRY                   ADDRESS         REF BY
           =====                   =======         ======
           ?cstart_init_zero       13E6            AT_CMD (main)
                                                   DataBuffer (flash)
                                                   FRE (main)
                                                   MPA (main)
                                                   PORT (main)
                                                   RxBuffer0 (uart)
                                                   RxCounter0 (uart)
                                                   Sensor_AnswerFlag (am2320)
                                                   Sensor_Check (main)
                                                   Sensor_Data (am2320)
                                                   Sensor_ErrorFlag (am2320)
                                                   Sys_CNT (am2320)
                                                   TimerOver_flag (time)
                                                   Timer_A_Flag (time)
                                                   Tmp1 (main)
                                                   Tmp2 (main)
                                                   UART0_Rx_time_count (time)
                                                   UART0_flag (time)
                                                   cmd_len (main)
                                                   error_code (main)
                                                   location (main)
                                                   sleep_flag (main)
                                                   state (main)
                                                   time_interval (main)
    -------------------------------------------------------------------------
CSTART
  Relative segment, address: 13F2 - 1401 (0x10 bytes), align: 1
  Segment part 13.
           ENTRY                   ADDRESS         REF BY
           =====                   =======         ======
           ?cstart_init_copy       13F2            APPEUI (main)
                                                   APPKEY (main)
                                                   Sleep_Time (main)
    -------------------------------------------------------------------------
CSTART
  Relative segment, address: 1402 - 1409 (0x8 bytes), align: 1
  Segment part 17.            Intra module refs:   Segment part 9
           ENTRY                   ADDRESS         REF BY
           =====                   =======         ======
           ?cstart_call_main       1402 
           ?cstart_end             140A 

    -------------------------------------------------------------------------
  LIBRARY MODULE, NAME : ?reset_vector

  SEGMENTS IN THE MODULE
  ======================
RESET
  Relative segment, address: FFFE - FFFF (0x2 bytes), align: 1
  Segment part 0.
           ENTRY                   ADDRESS         REF BY
           =====                   =======         ======
           ?reset_vector           FFFE            Segment part 9 (?cstart)

    -------------------------------------------------------------------------
  LIBRARY MODULE, NAME : ?div64i

  SEGMENTS IN THE MODULE
  ======================
<CODE> 1 (was CODE)
  Relative segment, address: 3354 - 33F5 (0xa2 bytes), align: 1
  Segment part 5.
           ENTRY                   ADDRESS         REF BY
           =====                   =======         ======
           _Div64u                 3354            _LitobLarge (?xprintflarge)
               CSTACK = 00000000 ( 0000001C )
    -------------------------------------------------------------------------
<CODE> 1 (was CODE)
  Relative segment, address: 33F6 - 3407 (0x12 bytes), align: 1
  Segment part 6.             Intra module refs:   _Div64u
    -------------------------------------------------------------------------
<CODE> 1 (was CODE)
  Relative segment, address: 3408 - 340F (0x8 bytes), align: 1
  Segment part 7.             Intra module refs:   _Div64u
    -------------------------------------------------------------------------
<CODE> 1 (was CODE)
  Relative segment, address: 3410 - 3419 (0xa bytes), align: 1
  Segment part 8.             Intra module refs:   Segment part 7
                                                   _Mod64u
    -------------------------------------------------------------------------
<CODE> 1 (was CODE)
  Relative segment, address: 341A - 342B (0x12 bytes), align: 1
  Segment part 9.             Intra module refs:   _Div64u
                                                   _Mod64u
    -------------------------------------------------------------------------
<CODE> 1 (was CODE)
  Relative segment, address: 342C - 34B1 (0x86 bytes), align: 1
  Segment part 2.
           ENTRY                   ADDRESS         REF BY
           =====                   =======         ======
           _Mod64u                 342C            _LitobLarge (?xprintflarge)
               CSTACK = 00000000 ( 00000014 )

    -------------------------------------------------------------------------
  LIBRARY MODULE, NAME : ?div

  SEGMENTS IN THE MODULE
  ======================
<CODE> 1 (was CODE)
  Relative segment, address: 3F1A - 3F2F (0x16 bytes), align: 1
  Segment part 0.
           ENTRY                   ADDRESS         REF BY
           =====                   =======         ======
           div                     3F1A            _GenldLarge (?xprintflarge)

    -------------------------------------------------------------------------
  LIBRARY MODULE, NAME : ?Epilogue

  SEGMENTS IN THE MODULE
  ======================
<CODE> 1 (was CODE)
  Relative segment, address: 3FBA - 3FCB (0x12 bytes), align: 1
  Segment part 0.
           ENTRY                   ADDRESS         REF BY
           =====                   =======         ======
           ?Epilogue3              3FC4 
           ?Epilogue4              3FC2            _PutcharsLarge (?xprintflarge)
                                                   make_str (uart)
                                                   my_strstr (uart)
                                                   pad (?xprintflarge)
           ?Epilogue5              3FC0            scale (?xprintflarge)
           ?Epilogue6              3FBE            _GenldLarge (?xprintflarge)
                                                   _LdtobLarge (?xprintflarge)
                                                   _LitobLarge (?xprintflarge)
                                                   _PrintfLarge (?xprintflarge)
           ?Epilogue7              3FBC 
           ?Epilogue8              3FBA 

    -------------------------------------------------------------------------
  LIBRARY MODULE, NAME : ?exit

  SEGMENTS IN THE MODULE
  ======================
<CODE> 1 (was CODE)
  Relative segment, address: 412E - 4131 (0x4 bytes), align: 1
  Segment part 2.
           ENTRY                   ADDRESS         REF BY
           =====                   =======         ======
           exit                    412E            Segment part 17 (?cstart)
               calls direct
               CSTACK = 00000000 ( 00000002 )

    -------------------------------------------------------------------------
  LIBRARY MODULE, NAME : ?Cast32f32i

  SEGMENTS IN THE MODULE
  ======================
<CODE> 1 (was CODE)
  Relative segment, address: 37FC - 388D (0x92 bytes), align: 1
  Segment part 0.
           ENTRY                   ADDRESS         REF BY
           =====                   =======         ======
           _Cast32sto32f           37FC 
           _Cast32uto32f           3810            _LdtobLarge (?xprintflarge)

    -------------------------------------------------------------------------
  LIBRARY MODULE, NAME : _Cast32fto32u

  SEGMENTS IN THE MODULE
  ======================
<CODE> 1 (was CODE)
  Relative segment, address: 40F8 - 4103 (0xc bytes), align: 1
  Segment part 0.
           ENTRY                   ADDRESS         REF BY
           =====                   =======         ======
           _Cast32fto32u           40F8            _LdtobLarge (?xprintflarge)

    -------------------------------------------------------------------------
  LIBRARY MODULE, NAME : ?FLT_Extract

  SEGMENTS IN THE MODULE
  ======================
<CODE> 1 (was CODE)
  Relative segment, address: 3A98 - 3AE3 (0x4c bytes), align: 1
  Segment part 0.
           ENTRY                   ADDRESS         REF BY
           =====                   =======         ======
           ?FLT_Extract            3A98            _Cast32fto32u (_Cast32fto32u)

    -------------------------------------------------------------------------
  LIBRARY MODULE, NAME : ?FLT_LT

  SEGMENTS IN THE MODULE
  ======================
<CODE> 1 (was CODE)
  Relative segment, address: 3A46 - 3A97 (0x52 bytes), align: 1
  Segment part 0.
           ENTRY                   ADDRESS         REF BY
           =====                   =======         ======
           ?FLT_LT                 3A46            _CmpLt32f (_CmpLt32f)

    -------------------------------------------------------------------------
  LIBRARY MODULE, NAME : _CmpLt32f

  SEGMENTS IN THE MODULE
  ======================
<CODE> 1 (was CODE)
  Relative segment, address: 4118 - 4121 (0xa bytes), align: 1
  Segment part 0.
           ENTRY                   ADDRESS         REF BY
           =====                   =======         ======
           _CmpLt32f               4118            _LdtobLarge (?xprintflarge)

    -------------------------------------------------------------------------
  LIBRARY MODULE, NAME : _Div32f

  SEGMENTS IN THE MODULE
  ======================
<CODE> 1 (was CODE)
  Relative segment, address: 35E4 - 3713 (0x130 bytes), align: 1
  Segment part 0.
           ENTRY                   ADDRESS         REF BY
           =====                   =======         ======
           _Div32f                 35E4            _LdtobLarge (?xprintflarge)

    -------------------------------------------------------------------------
  LIBRARY MODULE, NAME : _Add32f

  SEGMENTS IN THE MODULE
  ======================
<CODE> 1 (was CODE)
  Relative segment, address: 31F2 - 3353 (0x162 bytes), align: 1
  Segment part 0.
           ENTRY                   ADDRESS         REF BY
           =====                   =======         ======
           _Add32f                 31F6 
           _Sub32f                 31F2            _LdtobLarge (?xprintflarge)

    -------------------------------------------------------------------------
  LIBRARY MODULE, NAME : ?DivMod816u

  SEGMENTS IN THE MODULE
  ======================
<CODE> 1 (was CODE)
  Relative segment, address: 3E98 - 3EB3 (0x1c bytes), align: 1
  Segment part 0.
           ENTRY                   ADDRESS         REF BY
           =====                   =======         ======
           ?DivMod8u               3E98 
           ?DivMod16u              3E9C            Segment part 0 (?DivMod816s)
                                                   UART_PutStringTransparent (uart)

    -------------------------------------------------------------------------
  LIBRARY MODULE, NAME : ?DivMod816s

  SEGMENTS IN THE MODULE
  ======================
<CODE> 1 (was CODE)
  Relative segment, address: 3D20 - 3D53 (0x34 bytes), align: 1
  Segment part 0.
           ENTRY                   ADDRESS         REF BY
           =====                   =======         ======
           ?DivMod8s               3D20 
           ?DivMod16s              3D24            div (?div)
                                                   make_str (uart)

    -------------------------------------------------------------------------
  LIBRARY MODULE, NAME : ?DivMod32u

  SEGMENTS IN THE MODULE
  ======================
<CODE> 1 (was CODE)
  Relative segment, address: 3C7C - 3CB3 (0x38 bytes), align: 1
  Segment part 0.
           ENTRY                   ADDRESS         REF BY
           =====                   =======         ======
           ?DivMod32u              3C7C            ?DivMod32s (?DivMod32s)
                                                   Segment part 15 (?xprintflarge)

    -------------------------------------------------------------------------
  LIBRARY MODULE, NAME : ?DivMod32s

  SEGMENTS IN THE MODULE
  ======================
<CODE> 1 (was CODE)
  Relative segment, address: 3C04 - 3C43 (0x40 bytes), align: 1
  Segment part 0.
           ENTRY                   ADDRESS         REF BY
           =====                   =======         ======
           ?DivMod32s              3C04            _LdtobLarge (?xprintflarge)

    -------------------------------------------------------------------------
  LIBRARY MODULE, NAME : ?ShiftRight16u_n

  SEGMENTS IN THE MODULE
  ======================
<CODE> 1 (was CODE)
  Relative segment, address: 3EE8 - 3EEB (0x4 bytes), align: 1
  Segment part 0.
           ENTRY                   ADDRESS         REF BY
           =====                   =======         ======
           ?ShiftRight16u_7        3EE8            __iar_Dunscale (?xdunscal)
    -------------------------------------------------------------------------
<CODE> 1 (was CODE)
  Relative segment, address: 3EEC - 3EEF (0x4 bytes), align: 1
  Segment part 1.             Intra module refs:   ?ShiftRight16u_7
           ENTRY                   ADDRESS         REF BY
           =====                   =======         ======
           ?ShiftRight16u_6        3EEC 
    -------------------------------------------------------------------------
<CODE> 1 (was CODE)
  Relative segment, address: 3EF0 - 3EF3 (0x4 bytes), align: 1
  Segment part 2.             Intra module refs:   ?ShiftRight16u_6
           ENTRY                   ADDRESS         REF BY
           =====                   =======         ======
           ?ShiftRight16u_5        3EF0 
    -------------------------------------------------------------------------
<CODE> 1 (was CODE)
  Relative segment, address: 3EF4 - 3EF7 (0x4 bytes), align: 1
  Segment part 3.             Intra module refs:   ?ShiftRight16u_5
           ENTRY                   ADDRESS         REF BY
           =====                   =======         ======
           ?ShiftRight16u_4        3EF4 
    -------------------------------------------------------------------------
<CODE> 1 (was CODE)
  Relative segment, address: 3EF8 - 3F01 (0xa bytes), align: 1
  Segment part 4.             Intra module refs:   ?ShiftRight16u_4
           ENTRY                   ADDRESS         REF BY
           =====                   =======         ======
           ?ShiftRight16u_3        3EF8 

    -------------------------------------------------------------------------
  LIBRARY MODULE, NAME : ?memchr

  SEGMENTS IN THE MODULE
  ======================
<CODE> 1 (was CODE)
  Relative segment, address: 3F30 - 3F45 (0x16 bytes), align: 1
  Segment part 2.
           ENTRY                   ADDRESS         REF BY
           =====                   =======         ======
           __iar_Memchr            3F30            _PrintfLarge (?xprintflarge)
               CSTACK = 00000000 ( 00000002 )

    -------------------------------------------------------------------------
  LIBRARY MODULE, NAME : ?memcpy

  SEGMENTS IN THE MODULE
  ======================
<CODE> 1 (was CODE)
  Relative segment, address: 3FCC - 3FDD (0x12 bytes), align: 1
  Segment part 2.
           ENTRY                   ADDRESS         REF BY
           =====                   =======         ======
           memcpy                  3FCC            Segment part 11 (?xprintflarge)
                                                   _GenldLarge (?xprintflarge)
                                                   _LdtobLarge (?xprintflarge)
                                                   __data16_memcpy (?memzero)
                                                   main (main)
               CSTACK = 00000000 ( 00000002 )

    -------------------------------------------------------------------------
  LIBRARY MODULE, NAME : ?memset

  SEGMENTS IN THE MODULE
  ======================
<CODE> 1 (was CODE)
  Relative segment, address: 3F96 - 3FA7 (0x12 bytes), align: 1
  Segment part 2.
           ENTRY                   ADDRESS         REF BY
           =====                   =======         ======
           memset                  3F96            main (main)
               CSTACK = 00000000 ( 00000002 )

    -------------------------------------------------------------------------
  LIBRARY MODULE, NAME : ?memzero

  SEGMENTS IN THE MODULE
  ======================
<CODE> 1 (was CODE)
  Relative segment, address: 3F84 - 3F95 (0x12 bytes), align: 1
  Segment part 4.
           ENTRY                   ADDRESS         REF BY
           =====                   =======         ======
           __data16_memzero        3F84            ?cstart_init_zero (?cstart)
               CSTACK = 00000000 ( 00000002 )
    -------------------------------------------------------------------------
<CODE> 1 (was CODE)
  Relative segment, address: 4132 - 4135 (0x4 bytes), align: 1
  Segment part 3.
           ENTRY                   ADDRESS         REF BY
           =====                   =======         ======
           __data16_memcpy         4132            ?cstart_init_copy (?cstart)
               calls direct
               CSTACK = 00000000 ( 00000002 )

    -------------------------------------------------------------------------
  LIBRARY MODULE, NAME : ?Mul32Hw

  SEGMENTS IN THE MODULE
  ======================
<CODE> 1 (was CODE)
  Relative segment, address: 3D54 - 3D81 (0x2e bytes), align: 1
  Segment part 0.
           ENTRY                   ADDRESS         REF BY
           =====                   =======         ======
           ?Mul32Hw                3D54            _LdtobLarge (?xprintflarge)

    -------------------------------------------------------------------------
  LIBRARY MODULE, NAME : ?sprintf

  SEGMENTS IN THE MODULE
  ======================
<CODE> 1 (was CODE)
  Relative segment, address: 3C44 - 3C7B (0x38 bytes), align: 1
  Segment part 2.
           ENTRY                   ADDRESS         REF BY
           =====                   =======         ======
           sprintf                 3C44            main (main)
               calls direct
               CSTACK = 00000000 ( 00000008 )

    -------------------------------------------------------------------------
  LIBRARY MODULE, NAME : ?strchr

  SEGMENTS IN THE MODULE
  ======================
<CODE> 1 (was CODE)
  Relative segment, address: 4038 - 4047 (0x10 bytes), align: 1
  Segment part 2.
           ENTRY                   ADDRESS         REF BY
           =====                   =======         ======
           __iar_Strchr            4038            _PrintfLarge (?xprintflarge)
               CSTACK = 00000000 ( 00000002 )

    -------------------------------------------------------------------------
  LIBRARY MODULE, NAME : ?strlen

  SEGMENTS IN THE MODULE
  ======================
<CODE> 1 (was CODE)
  Relative segment, address: 3FA8 - 3FB9 (0x12 bytes), align: 1
  Segment part 2.
           ENTRY                   ADDRESS         REF BY
           =====                   =======         ======
           strlen                  3FA8            _PrintfLarge (?xprintflarge)
                                                   main (main)
               CSTACK = 00000000 ( 00000002 )

    -------------------------------------------------------------------------
  LIBRARY MODULE, NAME : ?xdunscal

  SEGMENTS IN THE MODULE
  ======================
<CODE> 1 (was CODE)
  Relative segment, address: 3AE4 - 3B2F (0x4c bytes), align: 1
  Segment part 2.
           ENTRY                   ADDRESS         REF BY
           =====                   =======         ======
           __iar_Dunscale          3AE4            _LdtobLarge (?xprintflarge)
               CSTACK = 00000000 ( 00000002 )

    -------------------------------------------------------------------------
  LIBRARY MODULE, NAME : ?xprintflarge

  SEGMENTS IN THE MODULE
  ======================
<CODE> 1 (was CODE)
  Relative segment, address: 268C - 2B4B (0x4c0 bytes), align: 1
  Segment part 23.
           ENTRY                   ADDRESS         REF BY
           =====                   =======         ======
           _PrintfLarge            268C            sprintf (?sprintf)
               calls direct and indirect
               CSTACK = 00000000 ( 00000072 )
    -------------------------------------------------------------------------
<CODE> 1 (was CODE)
  Relative segment, address: 4094 - 40A1 (0xe bytes), align: 1
  Segment part 32.            Intra module refs:   _PrintfLarge
    -------------------------------------------------------------------------
<CODE> 1 (was CODE)
  Relative segment, address: 410E - 4117 (0xa bytes), align: 1
  Segment part 33.            Intra module refs:   _PrintfLarge
    -------------------------------------------------------------------------
<CODE> 1 (was CODE)
  Relative segment, address: 4014 - 4025 (0x12 bytes), align: 1
  Segment part 34.            Intra module refs:   _PrintfLarge
    -------------------------------------------------------------------------
<CODE> 1 (was CODE)
  Relative segment, address: 4078 - 4085 (0xe bytes), align: 1
  Segment part 35.            Intra module refs:   _PrintfLarge
    -------------------------------------------------------------------------
<CODE> 1 (was CODE)
  Relative segment, address: 3F70 - 3F75 (0x6 bytes), align: 1
  Segment part 36.            Intra module refs:   _PrintfLarge
    -------------------------------------------------------------------------
<CODE> 1 (was CODE)
  Relative segment, address: 3F76 - 3F83 (0xe bytes), align: 1
  Segment part 37.            Intra module refs:   Segment part 36
                                                   _PrintfLarge
    -------------------------------------------------------------------------
<CODE> 1 (was CODE)
  Relative segment, address: 388E - 3901 (0x74 bytes), align: 1
  Segment part 19.            Intra module refs:   _PrintfLarge
           LOCAL                   ADDRESS         
           =====                   =======         
           LoadInt                 388E 
               CSTACK = 00000000 ( 00000002 )
    -------------------------------------------------------------------------
<CODE> 1 (was CODE)
  Relative segment, address: 3902 - 390B (0xa bytes), align: 1
  Segment part 20.            Intra module refs:   LoadInt
                                                   _LitobLarge
    -------------------------------------------------------------------------
<CODE> 1 (was CODE)
  Relative segment, address: 4104 - 410D (0xa bytes), align: 1
  Segment part 21.            Intra module refs:   LoadInt
                                                   _LdtobLarge
                                                   _PrintfLarge
    -------------------------------------------------------------------------
<CODE> 1 (was CODE)
  Relative segment, address: 40E0 - 40EB (0xc bytes), align: 1
  Segment part 22.            Intra module refs:   LoadInt
    -------------------------------------------------------------------------
<CODE> 1 (was CODE)
  Relative segment, address: 3CB4 - 3CEB (0x38 bytes), align: 1
  Segment part 18.            Intra module refs:   Segment part 37
           LOCAL                   ADDRESS         
           =====                   =======         
           pad                     3CB4 
               calls direct
               CSTACK = 00000000 ( 0000000C )
    -------------------------------------------------------------------------
<CODE> 1 (was CODE)
  Relative segment, address: 302E - 31F1 (0x1c4 bytes), align: 1
  Segment part 16.            Intra module refs:   _PrintfLarge
           LOCAL                   ADDRESS         
           =====                   =======         
           _LitobLarge             302E 
               calls direct
               CSTACK = 00000000 ( 00000028 )
    -------------------------------------------------------------------------
<CODE> 1 (was CODE)
  Relative segment, address: 4026 - 4037 (0x12 bytes), align: 1
  Segment part 17.            Intra module refs:   _LitobLarge
    -------------------------------------------------------------------------
<CODE> 1 (was CODE)
  Relative segment, address: 3B30 - 3B79 (0x4a bytes), align: 1
  Segment part 13.            Intra module refs:   _LdtobLarge
           LOCAL                   ADDRESS         
           =====                   =======         
           scale                   3B30 
               calls direct
               CSTACK = 00000000 ( 0000000C )
    -------------------------------------------------------------------------
<CODE> 1 (was CODE)
  Relative segment, address: 2DC8 - 302D (0x266 bytes), align: 1
  Segment part 14.            Intra module refs:   _PrintfLarge
           LOCAL                   ADDRESS         
           =====                   =======         
           _LdtobLarge             2DC8 
               calls direct
               CSTACK = 00000000 ( 00000048 )
    -------------------------------------------------------------------------
<CODE> 1 (was CODE)
  Relative segment, address: 4002 - 4013 (0x12 bytes), align: 1
  Segment part 15.            Intra module refs:   _LdtobLarge
    -------------------------------------------------------------------------
<CODE> 1 (was CODE)
  Relative segment, address: 2B4C - 2DC7 (0x27c bytes), align: 1
  Segment part 10.            Intra module refs:   _LdtobLarge
           LOCAL                   ADDRESS         
           =====                   =======         
           _GenldLarge             2B4C 
               calls direct
               CSTACK = 00000000 ( 0000001E )
    -------------------------------------------------------------------------
<CODE> 1 (was CODE)
  Relative segment, address: 4058 - 4067 (0x10 bytes), align: 1
  Segment part 11.            Intra module refs:   _GenldLarge
    -------------------------------------------------------------------------
<CODE> 1 (was CODE)
  Relative segment, address: 4048 - 4057 (0x10 bytes), align: 1
  Segment part 12.            Intra module refs:   _GenldLarge
    -------------------------------------------------------------------------
<CODE> 1 (was CODE)
  Relative segment, address: 3E50 - 3E73 (0x24 bytes), align: 1
  Segment part 8.             Intra module refs:   _PrintfLarge
                                                   _PutcharsLarge
           LOCAL                   ADDRESS         
           =====                   =======         
           _PutcharLarge           3E50 
               calls indirect
               CSTACK = 00000000 ( 00000004 )
    -------------------------------------------------------------------------
<CODE> 1 (was CODE)
  Relative segment, address: 3D82 - 3DAD (0x2c bytes), align: 1
  Segment part 9.             Intra module refs:   Segment part 35
                                                   pad
           LOCAL                   ADDRESS         
           =====                   =======         
           _PutcharsLarge          3D82 
               calls direct
               CSTACK = 00000000 ( 0000000A )
    -------------------------------------------------------------------------
<CODE> 1 (was CODE)
  Relative segment, address: 3FF0 - 4001 (0x12 bytes), align: 1
  Segment part 24.            Intra module refs:   _PrintfLarge
    -------------------------------------------------------------------------
<CODE> 1 (was CODE)
  Relative segment, address: 40A2 - 40AF (0xe bytes), align: 1
  Segment part 25.            Intra module refs:   _PrintfLarge
    -------------------------------------------------------------------------
<CODE> 1 (was CODE)
  Relative segment, address: 40C8 - 40D3 (0xc bytes), align: 1
  Segment part 26.            Intra module refs:   _PrintfLarge
    -------------------------------------------------------------------------
<CODE> 1 (was CODE)
  Relative segment, address: 40BC - 40C7 (0xc bytes), align: 1
  Segment part 27.            Intra module refs:   _PrintfLarge
    -------------------------------------------------------------------------
<CODE> 1 (was CODE)
  Relative segment, address: 4122 - 4129 (0x8 bytes), align: 1
  Segment part 28.            Intra module refs:   Segment part 25
                                                   Segment part 26
                                                   Segment part 27
                                                   Segment part 29
                                                   Segment part 30
    -------------------------------------------------------------------------
<CODE> 1 (was CODE)
  Relative segment, address: 40B0 - 40BB (0xc bytes), align: 1
  Segment part 29.            Intra module refs:   _PrintfLarge
    -------------------------------------------------------------------------
<CODE> 1 (was CODE)
  Relative segment, address: 40D4 - 40DF (0xc bytes), align: 1
  Segment part 30.            Intra module refs:   _PrintfLarge
    -------------------------------------------------------------------------
<CODE> 1 (was CODE)
  Relative segment, address: 4086 - 4093 (0xe bytes), align: 1
  Segment part 31.            Intra module refs:   _PrintfLarge
    -------------------------------------------------------------------------
DATA16_C
  Relative segment, address: 137D - 1383 (0x7 bytes), align: 0
  Segment part 2.             Intra module refs:   _PrintfLarge
    -------------------------------------------------------------------------
DATA16_C
  Relative segment, address: 1384 - 1387 (0x4 bytes), align: 0
  Segment part 3.             Intra module refs:   _LdtobLarge
    -------------------------------------------------------------------------
DATA16_C
  Relative segment, address: 1388 - 138B (0x4 bytes), align: 0
  Segment part 4.             Intra module refs:   _LdtobLarge
    -------------------------------------------------------------------------
DATA16_C
  Relative segment, address: 138C - 138F (0x4 bytes), align: 0
  Segment part 5.             Intra module refs:   _LdtobLarge
    -------------------------------------------------------------------------
DATA16_C
  Relative segment, address: 1390 - 1393 (0x4 bytes), align: 0
  Segment part 6.             Intra module refs:   _LdtobLarge
    -------------------------------------------------------------------------
DATA16_C
  Relative segment, address: 1394 - 1395 (0x2 bytes), align: 0
  Segment part 7.             Intra module refs:   _GenldLarge

    -------------------------------------------------------------------------
  LIBRARY MODULE, NAME : ?xsprout

  SEGMENTS IN THE MODULE
  ======================
<CODE> 1 (was CODE)
  Relative segment, address: 4068 - 4077 (0x10 bytes), align: 1
  Segment part 2.
           ENTRY                   ADDRESS         REF BY
           =====                   =======         ======
           _SProut                 4068            sprintf (?sprintf)
               CSTACK = 00000000 ( 00000002 )




                ****************************************
                *                                      *
                *      SEGMENTS IN ADDRESS ORDER       *
                *                                      *
                ****************************************


SEGMENT              SPACE    START ADDRESS   END ADDRESS     SIZE  TYPE  ALIGN
=======              =====    =============   ===========     ====  ====  =====
DATA16_AN                              0000 - 0000               1   rel    0
                                       0002 - 0002               1 
                                       0004 - 0004               1 
                                       001B - 001E               4 
                                       0028 - 002A               3 
                                       0037 - 0037               1 
                                       0056 - 0058               3 
                                       0070 - 0071               2 
                                       0073 - 0077               5 
                                       0080 - 0081               2 
                                       0120 - 0121               2 
                                       0128 - 0129               2 
                                       012C - 012D               2 
                                       0160 - 0163               4 
                                       0172 - 0173               2 
                                       0180 - 0183               4 
                                       0192 - 0193               2 
                                       01A0 - 01A3               4 
                                       01A6 - 01A7               2 
DATA16_I                               0200 - 024B              4C   rel    1
DATA16_Z                               024C - 0340              F5   rel    1
CSTACK                                 09B0 - 09FF              50   rel    1
DATA16_C                               1100 - 1395             296   rel    0
DATA16_ID                              1396 - 13E1              4C   rel    1
CSTART                                 13E2 - 1409              28   rel    1
<CODE> 1                               140A - 413B            2D32   rel    1
INTVEC                                 FFE0 - FFFB              1C   com    1
RESET                                  FFFE - FFFF               2   rel    1

                ****************************************
                *                                      *
                *        END OF CROSS REFERENCE        *
                *                                      *
                ****************************************

 11 640 bytes of CODE  memory
    401 bytes of DATA  memory (+ 47 absolute )
    738 bytes of CONST memory

Errors: none
Warnings: none

